Microchip Technology Inc, v1.26 (A)

Tool Name:
  c:\program files (x86)\microchip\xc16\v1.26\bin\bin\..\bin/elf-ld.exe

Command:
  -p24F16KA102 \
  -o \
  dist/default/production/originalA.X.production.elf \
  -Lc:/program files (x86)/microchip/xc16/v1.26/bin/bin/.. \
  -Lc:/program files (x86)/microchip/xc16/v1.26/bin/bin/../../lib \
  -Lc:/program files (x86)/microchip/xc16/v1.26/bin/bin/../../support/PIC24E/gld \
  -Lc:/program files (x86)/microchip/xc16/v1.26/bin/bin/../../support/PIC24F/gld \
  -Lc:/program files (x86)/microchip/xc16/v1.26/bin/bin/../../support/PIC24H/gld \
  -Lc:/program files (x86)/microchip/xc16/v1.26/bin/bin/../../support/dsPIC30F/gld \
  -Lc:/program files (x86)/microchip/xc16/v1.26/bin/bin/../../support/dsPIC33E/gld \
  -Lc:/program files (x86)/microchip/xc16/v1.26/bin/bin/../../support/dsPIC33F/gld \
  build/default/production/_ext/1472/HardwareProfile.o \
  build/default/production/_ext/1472/AccessPoint.o \
  build/default/production/_ext/1860783399/Console.o \
  build/default/production/_ext/1860783399/MSPI.o \
  build/default/production/_ext/1860783399/TimeDelay.o \
  build/default/production/_ext/35256690/MiWi.o \
  build/default/production/_ext/1109514802/P2P.o \
  build/default/production/_ext/1466186449/LCDBlocking.o \
  build/default/production/_ext/1466186449/NVM.o \
  build/default/production/_ext/1466186449/SymbolTime.o \
  build/default/production/_ext/1127682237/crc.o \
  build/default/production/_ext/1127682237/security.o \
  build/default/production/_ext/1061806389/MRF24J40.o \
  build/default/production/_ext/1696884637/MRF49XA.o \
  build/default/production/_ext/1697003801/MRF89XA.o \
  --defsym=__MPLAB_BUILD=1 \
  -Tp24F16KA102.gld.00 \
  --stack=16 \
  --check-sections \
  --data-init \
  --pack-data \
  --handles \
  --isr \
  --no-gc-sections \
  --fill-upper=0 \
  --stackguard=16 \
  --library-path=.. \
  --library-path=. \
  --no-force-link \
  --smart-io \
  -Map=dist/default/production/originalA.X.originalA.X.production.map \
  --memorysummary \
  dist/default/production/memoryfile.xml \
  -start-group \
  --library=pic30-elf \
  --library=m-elf \
  --library=c-elf \
  -end-group \


Optional library libpPIC24Fxxx.a not found
Archive member included because of file (symbol)

c:/program files (x86)/microchip/xc16/v1.26/bin/bin/../../lib\libpic30-elf.a(crt0_standard.o)
                              (__resetPRI)
c:/program files (x86)/microchip/xc16/v1.26/bin/bin/../../lib\libpic30-elf.a(data_init_standard.o)
                              c:/program files (x86)/microchip/xc16/v1.26/bin/bin/../../lib\libpic30-elf.a(crt0_standard.o) (__data_init_standard)
c:/program files (x86)/microchip/xc16/v1.26/bin/bin/../../lib\libc-elf.a(sprintf_cdnopuxX.XXeo)
                              build/default/production/_ext/1472/AccessPoint.o (__sprintf_cdnopuxX)
c:/program files (x86)/microchip/xc16/v1.26/bin/bin/../../lib\libc-elf.a(doprnt_cdnopuxX.XXeo)
                              c:/program files (x86)/microchip/xc16/v1.26/bin/bin/../../lib\libc-elf.a(sprintf_cdnopuxX.XXeo) (__vfprintf_cdnopuxX)
c:/program files (x86)/microchip/xc16/v1.26/bin/bin/../../lib\libc-elf.a(fputc.eo)
                              c:/program files (x86)/microchip/xc16/v1.26/bin/bin/../../lib\libc-elf.a(doprnt_cdnopuxX.XXeo) (_fputc)
c:/program files (x86)/microchip/xc16/v1.26/bin/bin/../../lib\libc-elf.a(_iob.eo)
                              c:/program files (x86)/microchip/xc16/v1.26/bin/bin/../../lib\libc-elf.a(fputc.eo) (__outdone)
c:/program files (x86)/microchip/xc16/v1.26/bin/bin/../../lib\libc-elf.a(flsbuf.eo)
                              c:/program files (x86)/microchip/xc16/v1.26/bin/bin/../../lib\libc-elf.a(fputc.eo) (__flsbuf)
c:/program files (x86)/microchip/xc16/v1.26/bin/bin/../../lib\libpic30-elf.a(write.eo)
                              c:/program files (x86)/microchip/xc16/v1.26/bin/bin/../../lib\libc-elf.a(fputc.eo) (_write)
c:/program files (x86)/microchip/xc16/v1.26/bin/bin/../../lib\libpic30-elf.a(c30_uart.eo)
                              c:/program files (x86)/microchip/xc16/v1.26/bin/bin/../../lib\libpic30-elf.a(write.eo) (___C30_UART)
c:/program files (x86)/microchip/xc16/v1.26/bin/bin/../../lib\libm-elf.a(udivsi3.eo)
                              c:/program files (x86)/microchip/xc16/v1.26/bin/bin/../../lib\libc-elf.a(doprnt_cdnopuxX.XXeo) (___udivsi3)
c:/program files (x86)/microchip/xc16/v1.26/bin/bin/../../lib\libm-elf.a(mulsi3.eo)
                              c:/program files (x86)/microchip/xc16/v1.26/bin/bin/../../lib\libc-elf.a(doprnt_cdnopuxX.XXeo) (___mulsi3)
c:/program files (x86)/microchip/xc16/v1.26/bin/bin/../../lib\libm-elf.a(divmoddi3.eo)
                              c:/program files (x86)/microchip/xc16/v1.26/bin/bin/../../lib\libc-elf.a(doprnt_cdnopuxX.XXeo) (___udivdi3)
c:/program files (x86)/microchip/xc16/v1.26/bin/bin/../../lib\libm-elf.a(muldi3.eo)
                              c:/program files (x86)/microchip/xc16/v1.26/bin/bin/../../lib\libc-elf.a(doprnt_cdnopuxX.XXeo) (___muldi3)
c:/program files (x86)/microchip/xc16/v1.26/bin/bin/../../lib\libm-elf.a(umuldi3.eo)
                              c:/program files (x86)/microchip/xc16/v1.26/bin/bin/../../lib\libm-elf.a(muldi3.eo) (___umuldi3)


xc16-ld 1.26 (A)

Program Memory  [Origin = 0x200, Length = 0x2a00]

section                    address   length (PC units)   length (bytes) (dec)
-------                    -------   -----------------   --------------------
.text                        0x200               0xbc8          0x11ac  (4524)
.const                       0xdc8               0x154           0x1fe  (510)
.text                        0xf1c               0xea0          0x15f0  (5616)
.dinit                      0x1dbc                0xe8           0x15c  (348)
.text                       0x1ea4               0x1d0           0x2b8  (696)
.shared.dinit               0x2074                 0x2             0x3  (3)

                 Total program memory used (bytes):         0x2db1  (11697) 72%


Ivt Memory  [Origin = 0x4, Length = 0xfc]

section                    address   length (PC units)   length (bytes) (dec)
-------                    -------   -----------------   --------------------
.ivt._CNInterrupt             0x3a                 0x2             0x3  (3)
.ivt._INT1Interrupt           0x3c                 0x2             0x3  (3)


Data Memory  [Origin = 0x800, Length = 0x600]

section                    address      alignment gaps    total length  (dec)
-------                    -------      --------------    -------------------
.nbss                        0x800                   0           0x1de  (478)
.ndata                       0x9de                   0             0x8  (8)
.nbss                        0x9e6                   0             0x2  (2)
.data                        0x9e8                   0            0xf0  (240)
.bss                         0xad8                   0             0x6  (6)
.data                        0xade                   0             0x2  (2)

                 Total data memory used (bytes):          0x2e0  (736) 47%


Dynamic Memory Usage

region                     address                      maximum length  (dec)
------                     -------                      ---------------------
heap                             0                                   0  (0)
stack                        0xae0                               0x320  (800)

                 Maximum dynamic memory (bytes):          0x320  (800)


External Symbols in Data Memory (by address):

                    0x0800                  _currentChannel
                    0x0801                  _ConnMode
                    0x0802                  _MACRxPacket
                    0x0810                  _TxBuffer
                    0x0874                  _TxData
                    0x0875                  _P2PStatus
                    0x0876                  _myPANID
                    0x0878                  _ConnectionTable
                    0x08d2                  _rxMessage
                    0x08de                  _P2PCapacityInfo
                    0x08df                  _LatestConnection
                    0x08e0                  _failureCounter
                    0x08e2                  _MACInitParams
                    0x08e6                  _RxBuffer
                    0x0963                  _IEEESeqNum
                    0x0964                  _MACCurrentChannel
                    0x0966                  _MAC_PANID
                    0x0968                  _myNetworkAddress
                    0x096a                  _t1
                    0x096e                  _t2
                    0x0972                  _MRF24J40Status
                    0x09d4                  _PUSH_BUTTON_1_pressed
                    0x09d6                  _PUSH_BUTTON_2_pressed
                    0x09d8                  _PUSH_BUTTON_pressed
                    0x09da                  _PUSH_BUTTON_press_time
                    0x09de                  _myLongAddress
                    0x09e6                  _timerExtension1
                    0x09e7                  _timerExtension2
                    0x0ab2                  __iob
                    0x0ad6                  __Files
                    0x0ad8                  __outdone
                    0x0ad9                  __sibuf
                    0x0adb                  __sobuf
                    0x0ade                  ___C30_UART

External Symbols in Data Memory (by name):

                    0x0801                  _ConnMode
                    0x0878                  _ConnectionTable
                    0x0963                  _IEEESeqNum
                    0x08df                  _LatestConnection
                    0x0964                  _MACCurrentChannel
                    0x08e2                  _MACInitParams
                    0x0802                  _MACRxPacket
                    0x0966                  _MAC_PANID
                    0x0972                  _MRF24J40Status
                    0x08de                  _P2PCapacityInfo
                    0x0875                  _P2PStatus
                    0x09d4                  _PUSH_BUTTON_1_pressed
                    0x09d6                  _PUSH_BUTTON_2_pressed
                    0x09da                  _PUSH_BUTTON_press_time
                    0x09d8                  _PUSH_BUTTON_pressed
                    0x08e6                  _RxBuffer
                    0x0810                  _TxBuffer
                    0x0874                  _TxData
                    0x0ad6                  __Files
                    0x0ade                  ___C30_UART
                    0x0ab2                  __iob
                    0x0ad8                  __outdone
                    0x0ad9                  __sibuf
                    0x0adb                  __sobuf
                    0x0800                  _currentChannel
                    0x08e0                  _failureCounter
                    0x09de                  _myLongAddress
                    0x0968                  _myNetworkAddress
                    0x0876                  _myPANID
                    0x08d2                  _rxMessage
                    0x096a                  _t1
                    0x096e                  _t2
                    0x09e6                  _timerExtension1
                    0x09e7                  _timerExtension2

External Symbols in Program Memory (by address):

                  0x000200                  __resetPRI
                  0x00022c                  __psv_init
                  0x00023c                  __data_init
                  0x00023c                  __data_init_standard
                  0x0002a8                  __DefaultInterrupt
                  0x000308                  __sprintf_cdnopuxX
                  0x000346                  __vfprintf_cdnopuxX
                  0x000b02                  ___udivsi3
                  0x000b22                  ___mulp32peds3
                  0x000b22                  ___mulp32eds3
                  0x000b22                  ___mulsi3
                  0x000b7a                  ___udivmoddi3
                  0x000c60                  ___udivdi3
                  0x000c6e                  ___umoddi3
                  0x000c76                  ___divdi3
                  0x000cd6                  ___moddi3
                  0x000d32                  ___muldi3
                  0x000d84                  ___umuldi3
                  0x000f0c                  _CharacterArray
                  0x000f1c                  _PHYSetLongRAMAddr
                  0x000f5c                  _PHYSetShortRAMAddr
                  0x000f8e                  _PHYGetShortRAMAddr
                  0x000fb8                  _PHYGetLongRAMAddr
                  0x000ff2                  _MiMAC_DiscardPacket
                  0x000ff6                  _MiMAC_ReceivedPacket
                  0x001208                  _MiMAC_SetChannel
                  0x001230                  _InitMRF24J40
                  0x001302                  _MiMAC_SetPower
                  0x001346                  _MiMAC_SetAltAddress
                  0x00137e                  _MiMAC_SendPacket
                  0x001584                  _MiMAC_Init
                  0x001598                  __INT1Interrupt
                  0x00164a                  _MacroNop
                  0x00164e                  _SendPacket
                  0x0016b2                  _MiApp_BroadcastPacket
                  0x0016be                  _MiApp_UnicastAddress
                  0x0016cc                  _MiApp_UnicastConnection
                  0x0016ec                  _isSameAddress
                  0x00170a                  _MiApp_StartConnection
                  0x001716                  _MiApp_DiscardMessage
                  0x00171c                  _MiApp_SetChannel
                  0x00173a                  _MiApp_ProtocolInit
                  0x001798                  _DumpConnection
                  0x001840                  _AddConnection
                  0x0018c2                  _P2PTasks
                  0x001a9e                  _MiApp_MessageAvailable
                  0x001aa8                  _MiApp_EstablishConnection
                  0x001b46                  _MiApp_RemoveConnection
                  0x001bca                  _MiApp_ConnectionMode
                  0x001d22                  _main
                  0x001ea4                  _BoardInit
                  0x001ed2                  _LCDTRXCount
                  0x001ed4                  _LCDDisplay
                  0x001ed6                  _ButtonPressed
                  0x001f38                  __CNInterrupt
                  0x001f4a                  _Delay10us
                  0x001f94                  _DelayMs
                  0x001fcc                  _ConsoleInit
                  0x001fde                  _ConsolePut
                  0x001fec                  _ConsolePutROMString
                  0x002004                  _ConsoleGet
                  0x002012                  _PrintChar
                  0x00202a                  _PrintDec
                  0x002048                  _SPIPut
                  0x00205a                  _SPIGet
                  0x002062                  _InitSymbolTimer
                  0x00206a                  _TickGet

External Symbols in Program Memory (by name):

                  0x001840                  _AddConnection
                  0x001ea4                  _BoardInit
                  0x001ed6                  _ButtonPressed
                  0x000f0c                  _CharacterArray
                  0x002004                  _ConsoleGet
                  0x001fcc                  _ConsoleInit
                  0x001fde                  _ConsolePut
                  0x001fec                  _ConsolePutROMString
                  0x001f4a                  _Delay10us
                  0x001f94                  _DelayMs
                  0x001798                  _DumpConnection
                  0x001230                  _InitMRF24J40
                  0x002062                  _InitSymbolTimer
                  0x001ed4                  _LCDDisplay
                  0x001ed2                  _LCDTRXCount
                  0x00164a                  _MacroNop
                  0x0016b2                  _MiApp_BroadcastPacket
                  0x001bca                  _MiApp_ConnectionMode
                  0x001716                  _MiApp_DiscardMessage
                  0x001aa8                  _MiApp_EstablishConnection
                  0x001a9e                  _MiApp_MessageAvailable
                  0x00173a                  _MiApp_ProtocolInit
                  0x001b46                  _MiApp_RemoveConnection
                  0x00171c                  _MiApp_SetChannel
                  0x00170a                  _MiApp_StartConnection
                  0x0016be                  _MiApp_UnicastAddress
                  0x0016cc                  _MiApp_UnicastConnection
                  0x000ff2                  _MiMAC_DiscardPacket
                  0x001584                  _MiMAC_Init
                  0x000ff6                  _MiMAC_ReceivedPacket
                  0x00137e                  _MiMAC_SendPacket
                  0x001346                  _MiMAC_SetAltAddress
                  0x001208                  _MiMAC_SetChannel
                  0x001302                  _MiMAC_SetPower
                  0x0018c2                  _P2PTasks
                  0x000fb8                  _PHYGetLongRAMAddr
                  0x000f8e                  _PHYGetShortRAMAddr
                  0x000f1c                  _PHYSetLongRAMAddr
                  0x000f5c                  _PHYSetShortRAMAddr
                  0x002012                  _PrintChar
                  0x00202a                  _PrintDec
                  0x00205a                  _SPIGet
                  0x002048                  _SPIPut
                  0x00164e                  _SendPacket
                  0x00206a                  _TickGet
                  0x001f38                  __CNInterrupt
                  0x0002a8                  __DefaultInterrupt
                  0x001598                  __INT1Interrupt
                  0x000c76                  ___divdi3
                  0x000cd6                  ___moddi3
                  0x000d32                  ___muldi3
                  0x000b22                  ___mulp32eds3
                  0x000b22                  ___mulp32peds3
                  0x000b22                  ___mulsi3
                  0x000c60                  ___udivdi3
                  0x000b7a                  ___udivmoddi3
                  0x000b02                  ___udivsi3
                  0x000c6e                  ___umoddi3
                  0x000d84                  ___umuldi3
                  0x00023c                  __data_init
                  0x00023c                  __data_init_standard
                  0x00022c                  __psv_init
                  0x000200                  __resetPRI
                  0x000308                  __sprintf_cdnopuxX
                  0x000346                  __vfprintf_cdnopuxX
                  0x0016ec                  _isSameAddress
                  0x001d22                  _main

Memory Configuration

Name             Origin             Length             Attributes
data             0x000800           0x000600           a !xr
reset            0x000000           0x000004  
ivt              0x000004           0x0000fc  
_reserved        0x000100           0x000004  
aivt             0x000104           0x0000fc  
program          0x000200           0x002a00           xr
eedata           0x7ffe00           0x000200  
FBS              0xf80000           0x000002  
FGS              0xf80004           0x000002  
FOSCSEL          0xf80006           0x000002  
FOSC             0xf80008           0x000002  
FWDT             0xf8000a           0x000002  
FPOR             0xf8000c           0x000002  
FICD             0xf8000e           0x000002  
FDS              0xf80010           0x000002  
*default*        0x000000           0xffffffff  

Linker script and memory map

LOAD build/default/production/_ext/1472/HardwareProfile.o
LOAD build/default/production/_ext/1472/AccessPoint.o
LOAD build/default/production/_ext/1860783399/Console.o
LOAD build/default/production/_ext/1860783399/MSPI.o
LOAD build/default/production/_ext/1860783399/TimeDelay.o
LOAD build/default/production/_ext/35256690/MiWi.o
LOAD build/default/production/_ext/1109514802/P2P.o
LOAD build/default/production/_ext/1466186449/LCDBlocking.o
LOAD build/default/production/_ext/1466186449/NVM.o
LOAD build/default/production/_ext/1466186449/SymbolTime.o
LOAD build/default/production/_ext/1127682237/crc.o
LOAD build/default/production/_ext/1127682237/security.o
LOAD build/default/production/_ext/1061806389/MRF24J40.o
LOAD build/default/production/_ext/1696884637/MRF49XA.o
LOAD build/default/production/_ext/1697003801/MRF89XA.o
                    0x0001                  __MPLAB_BUILD = 0x1
LOAD pPIC24Fxxx
LOAD c:/program files (x86)/microchip/xc16/v1.26/bin/bin/../../lib\libfx-elf.a
                    0xf80000                  __FBS = 0xf80000
                    0xf80004                  __FGS = 0xf80004
                    0xf80006                  __FOSCSEL = 0xf80006
                    0xf80008                  __FOSC = 0xf80008
                    0xf8000a                  __FWDT = 0xf8000a
                    0xf8000c                  __FPOR = 0xf8000c
                    0xf8000e                  __FICD = 0xf8000e
                    0xf80010                  __FDS = 0xf80010
                    0x0001                  __NO_HANDLES = 0x1
                    0x0200                  __CODE_BASE = 0x200
                    0x2a00                  __CODE_LENGTH = 0x2a00
                    0x0004                  __IVT_BASE = 0x4
                    0x0104                  __AIVT_BASE = 0x104
                    0x0800                  __DATA_BASE = 0x800
                    0x0600                  __DATA_LENGTH = 0x600

.reset            0x000000          0x4
                  0x000000          0x2 SHORT 0x200 ABSOLUTE (__reset)
                  0x000001          0x2 SHORT 0x4
                  0x000002          0x2 SHORT 0x0 ((ABSOLUTE (__reset) >> 0x10) & 0x7f)
                  0x000003          0x2 SHORT 0x0

.text             0x000200        0xbc8
 *(.init)
 .init            0x000200         0x3c c:/program files (x86)/microchip/xc16/v1.26/bin/bin/../../lib\libpic30-elf.a(crt0_standard.o)
                  0x000200                  __resetPRI
                  0x000200                  __reset
                  0x00022c                  __psv_init
 .init            0x00023c         0x6c c:/program files (x86)/microchip/xc16/v1.26/bin/bin/../../lib\libpic30-elf.a(data_init_standard.o)
                  0x00023c                  __data_init_standard
                  0x00023c                  __data_init
 *(.user_init)
 *(.handle)
 *(.isr*)
 .isr             0x0002a8          0x4 default_isr
                  0x0002a8                  __DefaultInterrupt
 *(.libc)
 .libc            0x0002ac         0x5c c:/program files (x86)/microchip/xc16/v1.26/bin/bin/../../lib\libpic30-elf.a(write.eo)
                  0x0002ac                  _write
 *(.libm)
 *(.libdsp)
 *(.lib*)
 .libc._sprintf_cdnopuxX
                  0x000308         0x2c c:/program files (x86)/microchip/xc16/v1.26/bin/bin/../../lib\libc-elf.a(sprintf_cdnopuxX.XXeo)
                  0x000308                  __sprintf_cdnopuxX
 .libc.sputc      0x000334         0x12 c:/program files (x86)/microchip/xc16/v1.26/bin/bin/../../lib\libc-elf.a(doprnt_cdnopuxX.XXeo)
 .libc._vfprintf_cdnopuxX
                  0x000346        0x6b4 c:/program files (x86)/microchip/xc16/v1.26/bin/bin/../../lib\libc-elf.a(doprnt_cdnopuxX.XXeo)
                  0x000346                  __vfprintf_cdnopuxX
 .libc.fputc      0x0009fa         0x86 c:/program files (x86)/microchip/xc16/v1.26/bin/bin/../../lib\libc-elf.a(fputc.eo)
                  0x0009fa                  _fputc
 .libc._flsbuf    0x000a80         0x7e c:/program files (x86)/microchip/xc16/v1.26/bin/bin/../../lib\libc-elf.a(flsbuf.eo)
                  0x000a80                  __flsbuf
 .libc.dowrite    0x000afe          0x4 c:/program files (x86)/microchip/xc16/v1.26/bin/bin/../../lib\libpic30-elf.a(write.eo)
 .libm.udivsi3    0x000b02         0x20 c:/program files (x86)/microchip/xc16/v1.26/bin/bin/../../lib\libm-elf.a(udivsi3.eo)
                  0x000b02                  ___udivsi3
 .libm.mulsi3     0x000b22          0xc c:/program files (x86)/microchip/xc16/v1.26/bin/bin/../../lib\libm-elf.a(mulsi3.eo)
                  0x000b22                  ___mulp32peds3
                  0x000b22                  ___mulsi3
                  0x000b22                  ___mulp32eds3
 .libm.__PplusBdi
                  0x000b2e         0x26 c:/program files (x86)/microchip/xc16/v1.26/bin/bin/../../lib\libm-elf.a(divmoddi3.eo)
 .libm.__PminusBdi
                  0x000b54         0x26 c:/program files (x86)/microchip/xc16/v1.26/bin/bin/../../lib\libm-elf.a(divmoddi3.eo)
 .libm.__udivmoddi3
                  0x000b7a         0xe6 c:/program files (x86)/microchip/xc16/v1.26/bin/bin/../../lib\libm-elf.a(divmoddi3.eo)
                  0x000b7a                  ___udivmoddi3
 .libm.__udivdi3
                  0x000c60          0xe c:/program files (x86)/microchip/xc16/v1.26/bin/bin/../../lib\libm-elf.a(divmoddi3.eo)
                  0x000c60                  ___udivdi3
 .libm.__umoddi3
                  0x000c6e          0x8 c:/program files (x86)/microchip/xc16/v1.26/bin/bin/../../lib\libm-elf.a(divmoddi3.eo)
                  0x000c6e                  ___umoddi3
 .libm.__divdi3
                  0x000c76         0x60 c:/program files (x86)/microchip/xc16/v1.26/bin/bin/../../lib\libm-elf.a(divmoddi3.eo)
                  0x000c76                  ___divdi3
 .libm.__moddi3
                  0x000cd6         0x5c c:/program files (x86)/microchip/xc16/v1.26/bin/bin/../../lib\libm-elf.a(divmoddi3.eo)
                  0x000cd6                  ___moddi3
 .libm.__muldi3
                  0x000d32         0x52 c:/program files (x86)/microchip/xc16/v1.26/bin/bin/../../lib\libm-elf.a(muldi3.eo)
                  0x000d32                  ___muldi3
 .libm.umuldi3    0x000d84         0x44 c:/program files (x86)/microchip/xc16/v1.26/bin/bin/../../lib\libm-elf.a(umuldi3.eo)
                  0x000d84                  ___umuldi3

usercode
 *(usercode)

__FBS
 *(__FBS.sec*)

__FGS
 *(__FGS.sec*)

__FOSCSEL         0xf80006          0x2
 *(__FOSCSEL.sec*)
 __FOSCSEL.sec    0xf80006          0x2 build/default/production/_ext/1472/HardwareProfile.o

__FOSC            0xf80008          0x2
 *(__FOSC.sec*)
 __FOSC.sec       0xf80008          0x2 build/default/production/_ext/1472/HardwareProfile.o

__FWDT            0xf8000a          0x2
 *(__FWDT.sec*)
 __FWDT.sec       0xf8000a          0x2 build/default/production/_ext/1472/HardwareProfile.o

__FPOR            0xf8000c          0x2
 *(__FPOR.sec*)
 __FPOR.sec       0xf8000c          0x2 build/default/production/_ext/1472/HardwareProfile.o

__FICD            0xf8000e          0x2
 *(__FICD.sec*)
 __FICD.sec       0xf8000e          0x2 build/default/production/_ext/1472/HardwareProfile.o

__FDS
 *(__FDS.sec*)

.comment
 *(.comment)

.debug_info       0x000000       0x62cf
 *(.debug_info)
 .debug_info      0x000000        0xf66 build/default/production/_ext/1472/HardwareProfile.o
 .debug_info      0x000f66        0xeb6 build/default/production/_ext/1472/AccessPoint.o
 .debug_info      0x001e1c        0x800 build/default/production/_ext/1860783399/Console.o
 .debug_info      0x00261c        0x327 build/default/production/_ext/1860783399/MSPI.o
 .debug_info      0x002943        0x250 build/default/production/_ext/1860783399/TimeDelay.o
 .debug_info      0x002b93        0x17e build/default/production/_ext/35256690/MiWi.o
 .debug_info      0x002d11       0x1415 build/default/production/_ext/1109514802/P2P.o
 .debug_info      0x004126        0x180 build/default/production/_ext/1466186449/LCDBlocking.o
 .debug_info      0x0042a6        0x178 build/default/production/_ext/1466186449/NVM.o
 .debug_info      0x00441e        0x480 build/default/production/_ext/1466186449/SymbolTime.o
 .debug_info      0x00489e        0x173 build/default/production/_ext/1127682237/crc.o
 .debug_info      0x004a11        0x178 build/default/production/_ext/1127682237/security.o
 .debug_info      0x004b89       0x1448 build/default/production/_ext/1061806389/MRF24J40.o
 .debug_info      0x005fd1        0x17f build/default/production/_ext/1696884637/MRF49XA.o
 .debug_info      0x006150        0x17f build/default/production/_ext/1697003801/MRF89XA.o
 *(.gnu.linkonce.wi.*)

.debug_abbrev     0x000000        0xdf7
 *(.debug_abbrev)
 .debug_abbrev    0x000000        0x1cb build/default/production/_ext/1472/HardwareProfile.o
 .debug_abbrev    0x0001cb        0x21a build/default/production/_ext/1472/AccessPoint.o
 .debug_abbrev    0x0003e5        0x157 build/default/production/_ext/1860783399/Console.o
 .debug_abbrev    0x00053c         0xc3 build/default/production/_ext/1860783399/MSPI.o
 .debug_abbrev    0x0005ff         0x68 build/default/production/_ext/1860783399/TimeDelay.o
 .debug_abbrev    0x000667         0x1f build/default/production/_ext/35256690/MiWi.o
 .debug_abbrev    0x000686        0x2d2 build/default/production/_ext/1109514802/P2P.o
 .debug_abbrev    0x000958         0x1f build/default/production/_ext/1466186449/LCDBlocking.o
 .debug_abbrev    0x000977         0x1f build/default/production/_ext/1466186449/NVM.o
 .debug_abbrev    0x000996        0x148 build/default/production/_ext/1466186449/SymbolTime.o
 .debug_abbrev    0x000ade         0x1f build/default/production/_ext/1127682237/crc.o
 .debug_abbrev    0x000afd         0x1f build/default/production/_ext/1127682237/security.o
 .debug_abbrev    0x000b1c        0x29d build/default/production/_ext/1061806389/MRF24J40.o
 .debug_abbrev    0x000db9         0x1f build/default/production/_ext/1696884637/MRF49XA.o
 .debug_abbrev    0x000dd8         0x1f build/default/production/_ext/1697003801/MRF89XA.o

.debug_line       0x000000        0xe3b
 *(.debug_line)
 .debug_line      0x000000        0x152 build/default/production/_ext/1472/HardwareProfile.o
 .debug_line      0x000152        0x1ce build/default/production/_ext/1472/AccessPoint.o
 .debug_line      0x000320        0x104 build/default/production/_ext/1860783399/Console.o
 .debug_line      0x000424         0xe3 build/default/production/_ext/1860783399/MSPI.o
 .debug_line      0x000507         0x9f build/default/production/_ext/1860783399/TimeDelay.o
 .debug_line      0x0005a6         0x1a build/default/production/_ext/35256690/MiWi.o
 .debug_line      0x0005c0        0x35b build/default/production/_ext/1109514802/P2P.o
 .debug_line      0x00091b         0x1a build/default/production/_ext/1466186449/LCDBlocking.o
 .debug_line      0x000935         0x1a build/default/production/_ext/1466186449/NVM.o
 .debug_line      0x00094f        0x132 build/default/production/_ext/1466186449/SymbolTime.o
 .debug_line      0x000a81         0x1a build/default/production/_ext/1127682237/crc.o
 .debug_line      0x000a9b         0x1a build/default/production/_ext/1127682237/security.o
 .debug_line      0x000ab5        0x352 build/default/production/_ext/1061806389/MRF24J40.o
 .debug_line      0x000e07         0x1a build/default/production/_ext/1696884637/MRF49XA.o
 .debug_line      0x000e21         0x1a build/default/production/_ext/1697003801/MRF89XA.o

.debug_frame      0x000000        0x5e6
 *(.debug_frame)
 .debug_frame     0x000000         0x76 build/default/production/_ext/1472/HardwareProfile.o
 .debug_frame     0x000076         0xe6 build/default/production/_ext/1472/AccessPoint.o
 .debug_frame     0x00015c         0x92 build/default/production/_ext/1860783399/Console.o
 .debug_frame     0x0001ee         0x34 build/default/production/_ext/1860783399/MSPI.o
 .debug_frame     0x000222         0x54 build/default/production/_ext/1860783399/TimeDelay.o
 .debug_frame     0x000276        0x1ca build/default/production/_ext/1109514802/P2P.o
 .debug_frame     0x000440         0x34 build/default/production/_ext/1466186449/SymbolTime.o
 .debug_frame     0x000474        0x172 build/default/production/_ext/1061806389/MRF24J40.o

.debug_str        0x000000        0x31d
 *(.debug_str)
 .debug_str       0x000000         0x96 build/default/production/_ext/1472/HardwareProfile.o
 .debug_str       0x000096         0x4a build/default/production/_ext/1472/AccessPoint.o
 .debug_str       0x0000e0         0x2d build/default/production/_ext/1860783399/Console.o
 .debug_str       0x00010d          0x9 build/default/production/_ext/1860783399/MSPI.o
 .debug_str       0x000116        0x116 build/default/production/_ext/1109514802/P2P.o
 .debug_str       0x00022c          0xa build/default/production/_ext/1466186449/SymbolTime.o
 .debug_str       0x000236         0xe7 build/default/production/_ext/1061806389/MRF24J40.o

.debug_loc
 *(.debug_loc)

.debug_macinfo
 *(.debug_macinfo)

.debug_pubnames
                  0x000000        0x659
 *(.debug_pubnames)
 .debug_pubnames
                  0x000000         0xfe build/default/production/_ext/1472/HardwareProfile.o
 .debug_pubnames
                  0x0000fe         0x1b build/default/production/_ext/1472/AccessPoint.o
 .debug_pubnames
                  0x000119         0x86 build/default/production/_ext/1860783399/Console.o
 .debug_pubnames
                  0x00019f         0x28 build/default/production/_ext/1860783399/MSPI.o
 .debug_pubnames
                  0x0001c7         0x2c build/default/production/_ext/1860783399/TimeDelay.o
 .debug_pubnames
                  0x0001f3        0x24c build/default/production/_ext/1109514802/P2P.o
 .debug_pubnames
                  0x00043f         0x5a build/default/production/_ext/1466186449/SymbolTime.o
 .debug_pubnames
                  0x000499        0x1c0 build/default/production/_ext/1061806389/MRF24J40.o

.debug_ranges
 *(.debug_ranges)

.debug_aranges    0x000000         0xc0
 *(.debug_aranges)
 .debug_aranges
                  0x000000         0x18 build/default/production/_ext/1472/HardwareProfile.o
 .debug_aranges
                  0x000018         0x18 build/default/production/_ext/1472/AccessPoint.o
 .debug_aranges
                  0x000030         0x18 build/default/production/_ext/1860783399/Console.o
 .debug_aranges
                  0x000048         0x18 build/default/production/_ext/1860783399/MSPI.o
 .debug_aranges
                  0x000060         0x18 build/default/production/_ext/1860783399/TimeDelay.o
 .debug_aranges
                  0x000078         0x18 build/default/production/_ext/1109514802/P2P.o
 .debug_aranges
                  0x000090         0x18 build/default/production/_ext/1466186449/SymbolTime.o
 .debug_aranges
                  0x0000a8         0x18 build/default/production/_ext/1061806389/MRF24J40.o
                    0x0000                  WREG0 = 0x0
                    0x0000                  _WREG0 = 0x0
                    0x0002                  WREG1 = 0x2
                    0x0002                  _WREG1 = 0x2
                    0x0004                  WREG2 = 0x4
                    0x0004                  _WREG2 = 0x4
                    0x0006                  WREG3 = 0x6
                    0x0006                  _WREG3 = 0x6
                    0x0008                  WREG4 = 0x8
                    0x0008                  _WREG4 = 0x8
                    0x000a                  WREG5 = 0xa
                    0x000a                  _WREG5 = 0xa
                    0x000c                  WREG6 = 0xc
                    0x000c                  _WREG6 = 0xc
                    0x000e                  WREG7 = 0xe
                    0x000e                  _WREG7 = 0xe
                    0x0010                  WREG8 = 0x10
                    0x0010                  _WREG8 = 0x10
                    0x0012                  WREG9 = 0x12
                    0x0012                  _WREG9 = 0x12
                    0x0014                  WREG10 = 0x14
                    0x0014                  _WREG10 = 0x14
                    0x0016                  WREG11 = 0x16
                    0x0016                  _WREG11 = 0x16
                    0x0018                  WREG12 = 0x18
                    0x0018                  _WREG12 = 0x18
                    0x001a                  WREG13 = 0x1a
                    0x001a                  _WREG13 = 0x1a
                    0x001c                  WREG14 = 0x1c
                    0x001c                  _WREG14 = 0x1c
                    0x001e                  WREG15 = 0x1e
                    0x001e                  _WREG15 = 0x1e
                    0x0020                  SPLIM = 0x20
                    0x0020                  _SPLIM = 0x20
                    0x002e                  PCL = 0x2e
                    0x002e                  _PCL = 0x2e
                    0x0030                  PCH = 0x30
                    0x0030                  _PCH = 0x30
                    0x0032                  TBLPAG = 0x32
                    0x0032                  _TBLPAG = 0x32
                    0x0034                  PSVPAG = 0x34
                    0x0034                  _PSVPAG = 0x34
                    0x0036                  RCOUNT = 0x36
                    0x0036                  _RCOUNT = 0x36
                    0x0042                  SR = 0x42
                    0x0042                  _SR = 0x42
                    0x0042                  _SRbits = 0x42
                    0x0044                  CORCON = 0x44
                    0x0044                  _CORCON = 0x44
                    0x0044                  _CORCONbits = 0x44
                    0x0052                  DISICNT = 0x52
                    0x0052                  _DISICNT = 0x52
                    0x0060                  CNEN1 = 0x60
                    0x0060                  _CNEN1 = 0x60
                    0x0060                  _CNEN1bits = 0x60
                    0x0062                  CNEN2 = 0x62
                    0x0062                  _CNEN2 = 0x62
                    0x0062                  _CNEN2bits = 0x62
                    0x0068                  CNPU1 = 0x68
                    0x0068                  _CNPU1 = 0x68
                    0x0068                  _CNPU1bits = 0x68
                    0x006a                  CNPU2 = 0x6a
                    0x006a                  _CNPU2 = 0x6a
                    0x006a                  _CNPU2bits = 0x6a
                    0x0070                  CNPD1 = 0x70
                    0x0070                  _CNPD1 = 0x70
                    0x0070                  _CNPD1bits = 0x70
                    0x0072                  CNPD2 = 0x72
                    0x0072                  _CNPD2 = 0x72
                    0x0072                  _CNPD2bits = 0x72
                    0x0080                  INTCON1 = 0x80
                    0x0080                  _INTCON1 = 0x80
                    0x0080                  _INTCON1bits = 0x80
                    0x0082                  INTCON2 = 0x82
                    0x0082                  _INTCON2 = 0x82
                    0x0082                  _INTCON2bits = 0x82
                    0x0084                  IFS0 = 0x84
                    0x0084                  _IFS0 = 0x84
                    0x0084                  _IFS0bits = 0x84
                    0x0086                  IFS1 = 0x86
                    0x0086                  _IFS1 = 0x86
                    0x0086                  _IFS1bits = 0x86
                    0x008a                  IFS3 = 0x8a
                    0x008a                  _IFS3 = 0x8a
                    0x008a                  _IFS3bits = 0x8a
                    0x008c                  IFS4 = 0x8c
                    0x008c                  _IFS4 = 0x8c
                    0x008c                  _IFS4bits = 0x8c
                    0x0094                  IEC0 = 0x94
                    0x0094                  _IEC0 = 0x94
                    0x0094                  _IEC0bits = 0x94
                    0x0096                  IEC1 = 0x96
                    0x0096                  _IEC1 = 0x96
                    0x0096                  _IEC1bits = 0x96
                    0x009a                  IEC3 = 0x9a
                    0x009a                  _IEC3 = 0x9a
                    0x009a                  _IEC3bits = 0x9a
                    0x009c                  IEC4 = 0x9c
                    0x009c                  _IEC4 = 0x9c
                    0x009c                  _IEC4bits = 0x9c
                    0x00a4                  IPC0 = 0xa4
                    0x00a4                  _IPC0 = 0xa4
                    0x00a4                  _IPC0bits = 0xa4
                    0x00a6                  IPC1 = 0xa6
                    0x00a6                  _IPC1 = 0xa6
                    0x00a6                  _IPC1bits = 0xa6
                    0x00a8                  IPC2 = 0xa8
                    0x00a8                  _IPC2 = 0xa8
                    0x00a8                  _IPC2bits = 0xa8
                    0x00aa                  IPC3 = 0xaa
                    0x00aa                  _IPC3 = 0xaa
                    0x00aa                  _IPC3bits = 0xaa
                    0x00ac                  IPC4 = 0xac
                    0x00ac                  _IPC4 = 0xac
                    0x00ac                  _IPC4bits = 0xac
                    0x00ae                  IPC5 = 0xae
                    0x00ae                  _IPC5 = 0xae
                    0x00ae                  _IPC5bits = 0xae
                    0x00b2                  IPC7 = 0xb2
                    0x00b2                  _IPC7 = 0xb2
                    0x00b2                  _IPC7bits = 0xb2
                    0x00c2                  IPC15 = 0xc2
                    0x00c2                  _IPC15 = 0xc2
                    0x00c2                  _IPC15bits = 0xc2
                    0x00c4                  IPC16 = 0xc4
                    0x00c4                  _IPC16 = 0xc4
                    0x00c4                  _IPC16bits = 0xc4
                    0x00c8                  IPC18 = 0xc8
                    0x00c8                  _IPC18 = 0xc8
                    0x00c8                  _IPC18bits = 0xc8
                    0x00ca                  IPC19 = 0xca
                    0x00ca                  _IPC19 = 0xca
                    0x00ca                  _IPC19bits = 0xca
                    0x00e0                  INTTREG = 0xe0
                    0x00e0                  _INTTREG = 0xe0
                    0x00e0                  _INTTREGbits = 0xe0
                    0x0100                  TMR1 = 0x100
                    0x0100                  _TMR1 = 0x100
                    0x0102                  PR1 = 0x102
                    0x0102                  _PR1 = 0x102
                    0x0104                  T1CON = 0x104
                    0x0104                  _T1CON = 0x104
                    0x0104                  _T1CONbits = 0x104
                    0x0106                  TMR2 = 0x106
                    0x0106                  _TMR2 = 0x106
                    0x0108                  TMR3HLD = 0x108
                    0x0108                  _TMR3HLD = 0x108
                    0x010a                  TMR3 = 0x10a
                    0x010a                  _TMR3 = 0x10a
                    0x010c                  PR2 = 0x10c
                    0x010c                  _PR2 = 0x10c
                    0x010e                  PR3 = 0x10e
                    0x010e                  _PR3 = 0x10e
                    0x0110                  T2CON = 0x110
                    0x0110                  _T2CON = 0x110
                    0x0110                  _T2CONbits = 0x110
                    0x0112                  T3CON = 0x112
                    0x0112                  _T3CON = 0x112
                    0x0112                  _T3CONbits = 0x112
                    0x0140                  IC1BUF = 0x140
                    0x0140                  _IC1BUF = 0x140
                    0x0142                  IC1CON = 0x142
                    0x0142                  _IC1CON = 0x142
                    0x0142                  _IC1CONbits = 0x142
                    0x0180                  OC1RS = 0x180
                    0x0180                  _OC1RS = 0x180
                    0x0182                  OC1R = 0x182
                    0x0182                  _OC1R = 0x182
                    0x0184                  OC1CON = 0x184
                    0x0184                  _OC1CON = 0x184
                    0x0184                  _OC1CONbits = 0x184
                    0x0200                  I2C1RCV = 0x200
                    0x0200                  _I2C1RCV = 0x200
                    0x0202                  I2C1TRN = 0x202
                    0x0202                  _I2C1TRN = 0x202
                    0x0204                  I2C1BRG = 0x204
                    0x0204                  _I2C1BRG = 0x204
                    0x0206                  I2C1CON = 0x206
                    0x0206                  _I2C1CON = 0x206
                    0x0206                  _I2C1CONbits = 0x206
                    0x0208                  I2C1STAT = 0x208
                    0x0208                  _I2C1STAT = 0x208
                    0x0208                  _I2C1STATbits = 0x208
                    0x020a                  I2C1ADD = 0x20a
                    0x020a                  _I2C1ADD = 0x20a
                    0x020c                  I2C1MSK = 0x20c
                    0x020c                  _I2C1MSK = 0x20c
                    0x020c                  _I2C1MSKbits = 0x20c
                    0x0220                  U1MODE = 0x220
                    0x0220                  _U1MODE = 0x220
                    0x0220                  _U1MODEbits = 0x220
                    0x0222                  U1STA = 0x222
                    0x0222                  _U1STA = 0x222
                    0x0222                  _U1STAbits = 0x222
                    0x0224                  U1TXREG = 0x224
                    0x0224                  _U1TXREG = 0x224
                    0x0226                  U1RXREG = 0x226
                    0x0226                  _U1RXREG = 0x226
                    0x0228                  U1BRG = 0x228
                    0x0228                  _U1BRG = 0x228
                    0x0230                  U2MODE = 0x230
                    0x0230                  _U2MODE = 0x230
                    0x0230                  _U2MODEbits = 0x230
                    0x0232                  U2STA = 0x232
                    0x0232                  _U2STA = 0x232
                    0x0232                  _U2STAbits = 0x232
                    0x0234                  U2TXREG = 0x234
                    0x0234                  _U2TXREG = 0x234
                    0x0236                  U2RXREG = 0x236
                    0x0236                  _U2RXREG = 0x236
                    0x0238                  U2BRG = 0x238
                    0x0238                  _U2BRG = 0x238
                    0x0240                  SPI1STAT = 0x240
                    0x0240                  _SPI1STAT = 0x240
                    0x0240                  _SPI1STATbits = 0x240
                    0x0242                  SPI1CON1 = 0x242
                    0x0242                  _SPI1CON1 = 0x242
                    0x0242                  _SPI1CON1bits = 0x242
                    0x0244                  SPI1CON2 = 0x244
                    0x0244                  _SPI1CON2 = 0x244
                    0x0244                  _SPI1CON2bits = 0x244
                    0x0248                  SPI1BUF = 0x248
                    0x0248                  _SPI1BUF = 0x248
                    0x02c0                  TRISA = 0x2c0
                    0x02c0                  _TRISA = 0x2c0
                    0x02c0                  _TRISAbits = 0x2c0
                    0x02c2                  PORTA = 0x2c2
                    0x02c2                  _PORTA = 0x2c2
                    0x02c2                  _PORTAbits = 0x2c2
                    0x02c4                  LATA = 0x2c4
                    0x02c4                  _LATA = 0x2c4
                    0x02c4                  _LATAbits = 0x2c4
                    0x02c6                  ODCA = 0x2c6
                    0x02c6                  _ODCA = 0x2c6
                    0x02c6                  _ODCAbits = 0x2c6
                    0x02c8                  TRISB = 0x2c8
                    0x02c8                  _TRISB = 0x2c8
                    0x02c8                  _TRISBbits = 0x2c8
                    0x02ca                  PORTB = 0x2ca
                    0x02ca                  _PORTB = 0x2ca
                    0x02ca                  _PORTBbits = 0x2ca
                    0x02cc                  LATB = 0x2cc
                    0x02cc                  _LATB = 0x2cc
                    0x02cc                  _LATBbits = 0x2cc
                    0x02ce                  ODCB = 0x2ce
                    0x02ce                  _ODCB = 0x2ce
                    0x02ce                  _ODCBbits = 0x2ce
                    0x02fc                  PADCFG1 = 0x2fc
                    0x02fc                  _PADCFG1 = 0x2fc
                    0x02fc                  _PADCFG1bits = 0x2fc
                    0x0300                  ADC1BUF0 = 0x300
                    0x0300                  _ADC1BUF0 = 0x300
                    0x0302                  ADC1BUF1 = 0x302
                    0x0302                  _ADC1BUF1 = 0x302
                    0x0304                  ADC1BUF2 = 0x304
                    0x0304                  _ADC1BUF2 = 0x304
                    0x0306                  ADC1BUF3 = 0x306
                    0x0306                  _ADC1BUF3 = 0x306
                    0x0308                  ADC1BUF4 = 0x308
                    0x0308                  _ADC1BUF4 = 0x308
                    0x030a                  ADC1BUF5 = 0x30a
                    0x030a                  _ADC1BUF5 = 0x30a
                    0x030c                  ADC1BUF6 = 0x30c
                    0x030c                  _ADC1BUF6 = 0x30c
                    0x030e                  ADC1BUF7 = 0x30e
                    0x030e                  _ADC1BUF7 = 0x30e
                    0x0310                  ADC1BUF8 = 0x310
                    0x0310                  _ADC1BUF8 = 0x310
                    0x0312                  ADC1BUF9 = 0x312
                    0x0312                  _ADC1BUF9 = 0x312
                    0x0314                  ADC1BUFA = 0x314
                    0x0314                  _ADC1BUFA = 0x314
                    0x0316                  ADC1BUFB = 0x316
                    0x0316                  _ADC1BUFB = 0x316
                    0x0318                  ADC1BUFC = 0x318
                    0x0318                  _ADC1BUFC = 0x318
                    0x031a                  ADC1BUFD = 0x31a
                    0x031a                  _ADC1BUFD = 0x31a
                    0x031c                  ADC1BUFE = 0x31c
                    0x031c                  _ADC1BUFE = 0x31c
                    0x031e                  ADC1BUFF = 0x31e
                    0x031e                  _ADC1BUFF = 0x31e
                    0x0320                  AD1CON1 = 0x320
                    0x0320                  _AD1CON1 = 0x320
                    0x0320                  _AD1CON1bits = 0x320
                    0x0322                  AD1CON2 = 0x322
                    0x0322                  _AD1CON2 = 0x322
                    0x0322                  _AD1CON2bits = 0x322
                    0x0324                  AD1CON3 = 0x324
                    0x0324                  _AD1CON3 = 0x324
                    0x0324                  _AD1CON3bits = 0x324
                    0x0328                  AD1CHS = 0x328
                    0x0328                  _AD1CHS = 0x328
                    0x0328                  _AD1CHSbits = 0x328
                    0x032c                  AD1PCFG = 0x32c
                    0x032c                  _AD1PCFG = 0x32c
                    0x032c                  _AD1PCFGbits = 0x32c
                    0x0330                  AD1CSSL = 0x330
                    0x0330                  _AD1CSSL = 0x330
                    0x0330                  _AD1CSSLbits = 0x330
                    0x033c                  CTMUCON = 0x33c
                    0x033c                  _CTMUCON = 0x33c
                    0x033c                  _CTMUCONbits = 0x33c
                    0x033e                  CTMUICON = 0x33e
                    0x033e                  _CTMUICON = 0x33e
                    0x033e                  _CTMUICONbits = 0x33e
                    0x0620                  ALRMVAL = 0x620
                    0x0620                  _ALRMVAL = 0x620
                    0x0622                  ALCFGRPT = 0x622
                    0x0622                  _ALCFGRPT = 0x622
                    0x0622                  _ALCFGRPTbits = 0x622
                    0x0624                  RTCVAL = 0x624
                    0x0624                  _RTCVAL = 0x624
                    0x0626                  RCFGCAL = 0x626
                    0x0626                  _RCFGCAL = 0x626
                    0x0626                  _RCFGCALbits = 0x626
                    0x0630                  CMSTAT = 0x630
                    0x0630                  _CMSTAT = 0x630
                    0x0630                  _CMSTATbits = 0x630
                    0x0632                  CVRCON = 0x632
                    0x0632                  _CVRCON = 0x632
                    0x0632                  _CVRCONbits = 0x632
                    0x0634                  CM1CON = 0x634
                    0x0634                  _CM1CON = 0x634
                    0x0634                  _CM1CONbits = 0x634
                    0x0636                  CM2CON = 0x636
                    0x0636                  _CM2CON = 0x636
                    0x0636                  _CM2CONbits = 0x636
                    0x0640                  CRCCON = 0x640
                    0x0640                  _CRCCON = 0x640
                    0x0640                  _CRCCONbits = 0x640
                    0x0642                  CRCXOR = 0x642
                    0x0642                  _CRCXOR = 0x642
                    0x0644                  CRCDAT = 0x644
                    0x0644                  _CRCDAT = 0x644
                    0x0646                  CRCWDAT = 0x646
                    0x0646                  _CRCWDAT = 0x646
                    0x0740                  RCON = 0x740
                    0x0740                  _RCON = 0x740
                    0x0740                  _RCONbits = 0x740
                    0x0742                  OSCCON = 0x742
                    0x0742                  _OSCCON = 0x742
                    0x0742                  _OSCCONbits = 0x742
                    0x0742                  OSCCONL = 0x742
                    0x0742                  _OSCCONL = 0x742
                    0x0743                  OSCCONH = 0x743
                    0x0743                  _OSCCONH = 0x743
                    0x0744                  CLKDIV = 0x744
                    0x0744                  _CLKDIV = 0x744
                    0x0744                  _CLKDIVbits = 0x744
                    0x0748                  OSCTUN = 0x748
                    0x0748                  _OSCTUN = 0x748
                    0x0748                  _OSCTUNbits = 0x748
                    0x074e                  REFOCON = 0x74e
                    0x074e                  _REFOCON = 0x74e
                    0x074e                  _REFOCONbits = 0x74e
                    0x0756                  HLVDCON = 0x756
                    0x0756                  _HLVDCON = 0x756
                    0x0756                  _HLVDCONbits = 0x756
                    0x0758                  DSCON = 0x758
                    0x0758                  _DSCON = 0x758
                    0x0758                  _DSCONbits = 0x758
                    0x075a                  DSWAKE = 0x75a
                    0x075a                  _DSWAKE = 0x75a
                    0x075a                  _DSWAKEbits = 0x75a
                    0x075a                  DSWSRC = 0x75a
                    0x075a                  _DSWSRC = 0x75a
                    0x075a                  _DSWSRCbits = 0x75a
                    0x075c                  DSGPR0 = 0x75c
                    0x075c                  _DSGPR0 = 0x75c
                    0x075e                  DSGPR1 = 0x75e
                    0x075e                  _DSGPR1 = 0x75e
                    0x0760                  NVMCON = 0x760
                    0x0760                  _NVMCON = 0x760
                    0x0760                  _NVMCONbits = 0x760
                    0x0766                  NVMKEY = 0x766
                    0x0766                  _NVMKEY = 0x766
                    0x0766                  _NVMKEYbits = 0x766
                    0x0770                  PMD1 = 0x770
                    0x0770                  _PMD1 = 0x770
                    0x0770                  _PMD1bits = 0x770
                    0x0772                  PMD2 = 0x772
                    0x0772                  _PMD2 = 0x772
                    0x0772                  _PMD2bits = 0x772
                    0x0774                  PMD3 = 0x774
                    0x0774                  _PMD3 = 0x774
                    0x0774                  _PMD3bits = 0x774
                    0x0776                  PMD4 = 0x776
                    0x0776                  _PMD4 = 0x776
                    0x0776                  _PMD4bits = 0x776
                    0x0140                  IC1 = 0x140
                    0x0140                  _IC1 = 0x140
                    0x0180                  OC1 = 0x180
                    0x0180                  _OC1 = 0x180
                    0x0240                  SPI1 = 0x240
                    0x0240                  _SPI1 = 0x240
                    0x0220                  UART1 = 0x220
                    0x0220                  _UART1 = 0x220
                    0x0230                  UART2 = 0x230
                    0x0230                  _UART2 = 0x230
START GROUP
LOAD c:/program files (x86)/microchip/xc16/v1.26/bin/bin/../../lib\libpic30-elf.a
LOAD c:/program files (x86)/microchip/xc16/v1.26/bin/bin/../../lib\libm-elf.a
LOAD c:/program files (x86)/microchip/xc16/v1.26/bin/bin/../../lib\libc-elf.a
END GROUP
OUTPUT(dist/default/production/originalA.X.production.elf elf32-pic30)
LOAD default_isr
LOAD data_init
LOAD shared_data_init

.debug_pubtypes
                  0x0000c0        0x733
 .debug_pubtypes
                  0x0000c0        0x189 build/default/production/_ext/1472/HardwareProfile.o
 .debug_pubtypes
                  0x000249         0xe1 build/default/production/_ext/1472/AccessPoint.o
 .debug_pubtypes
                  0x00032a         0x78 build/default/production/_ext/1860783399/Console.o
 .debug_pubtypes
                  0x0003a2         0x38 build/default/production/_ext/1860783399/MSPI.o
 .debug_pubtypes
                  0x0003da         0x3c build/default/production/_ext/1860783399/TimeDelay.o
 .debug_pubtypes
                  0x000416         0x12 build/default/production/_ext/35256690/MiWi.o
 .debug_pubtypes
                  0x000428        0x176 build/default/production/_ext/1109514802/P2P.o
 .debug_pubtypes
                  0x00059e         0x12 build/default/production/_ext/1466186449/LCDBlocking.o
 .debug_pubtypes
                  0x0005b0         0x12 build/default/production/_ext/1466186449/NVM.o
 .debug_pubtypes
                  0x0005c2         0x80 build/default/production/_ext/1466186449/SymbolTime.o
 .debug_pubtypes
                  0x000642         0x12 build/default/production/_ext/1127682237/crc.o
 .debug_pubtypes
                  0x000654         0x12 build/default/production/_ext/1127682237/security.o
 .debug_pubtypes
                  0x000666        0x169 build/default/production/_ext/1061806389/MRF24J40.o
 .debug_pubtypes
                  0x0007cf         0x12 build/default/production/_ext/1696884637/MRF49XA.o
 .debug_pubtypes
                  0x0007e1         0x12 build/default/production/_ext/1697003801/MRF89XA.o

__c30_signature
                  0x0007f3         0xae
 __c30_signature
                  0x0007f3          0x6 build/default/production/_ext/1472/HardwareProfile.o
 __c30_signature
                  0x0007f9          0x6 build/default/production/_ext/1472/AccessPoint.o
 __c30_signature
                  0x0007ff          0x6 build/default/production/_ext/1860783399/Console.o
 __c30_signature
                  0x000805          0x6 build/default/production/_ext/1860783399/MSPI.o
 __c30_signature
                  0x00080b          0x6 build/default/production/_ext/1860783399/TimeDelay.o
 __c30_signature
                  0x000811          0x6 build/default/production/_ext/35256690/MiWi.o
 __c30_signature
                  0x000817          0x6 build/default/production/_ext/1109514802/P2P.o
 __c30_signature
                  0x00081d          0x6 build/default/production/_ext/1466186449/LCDBlocking.o
 __c30_signature
                  0x000823          0x6 build/default/production/_ext/1466186449/NVM.o
 __c30_signature
                  0x000829          0x6 build/default/production/_ext/1466186449/SymbolTime.o
 __c30_signature
                  0x00082f          0x6 build/default/production/_ext/1127682237/crc.o
 __c30_signature
                  0x000835          0x6 build/default/production/_ext/1127682237/security.o
 __c30_signature
                  0x00083b          0x6 build/default/production/_ext/1061806389/MRF24J40.o
 __c30_signature
                  0x000841          0x6 build/default/production/_ext/1696884637/MRF49XA.o
 __c30_signature
                  0x000847          0x6 build/default/production/_ext/1697003801/MRF89XA.o
 __c30_signature
                  0x00084d          0x6 c:/program files (x86)/microchip/xc16/v1.26/bin/bin/../../lib\libpic30-elf.a(crt0_standard.o)
 __c30_signature
                  0x000853          0x6 c:/program files (x86)/microchip/xc16/v1.26/bin/bin/../../lib\libpic30-elf.a(data_init_standard.o)
 __c30_signature
                  0x000859          0x6 c:/program files (x86)/microchip/xc16/v1.26/bin/bin/../../lib\libc-elf.a(sprintf_cdnopuxX.XXeo)
 __c30_signature
                  0x00085f          0x6 c:/program files (x86)/microchip/xc16/v1.26/bin/bin/../../lib\libc-elf.a(doprnt_cdnopuxX.XXeo)
 __c30_signature
                  0x000865          0x6 c:/program files (x86)/microchip/xc16/v1.26/bin/bin/../../lib\libc-elf.a(fputc.eo)
 __c30_signature
                  0x00086b          0x6 c:/program files (x86)/microchip/xc16/v1.26/bin/bin/../../lib\libc-elf.a(_iob.eo)
 __c30_signature
                  0x000871          0x6 c:/program files (x86)/microchip/xc16/v1.26/bin/bin/../../lib\libc-elf.a(flsbuf.eo)
 __c30_signature
                  0x000877          0x6 c:/program files (x86)/microchip/xc16/v1.26/bin/bin/../../lib\libpic30-elf.a(write.eo)
 __c30_signature
                  0x00087d          0x6 c:/program files (x86)/microchip/xc16/v1.26/bin/bin/../../lib\libpic30-elf.a(c30_uart.eo)
 __c30_signature
                  0x000883          0x6 c:/program files (x86)/microchip/xc16/v1.26/bin/bin/../../lib\libm-elf.a(udivsi3.eo)
 __c30_signature
                  0x000889          0x6 c:/program files (x86)/microchip/xc16/v1.26/bin/bin/../../lib\libm-elf.a(mulsi3.eo)
 __c30_signature
                  0x00088f          0x6 c:/program files (x86)/microchip/xc16/v1.26/bin/bin/../../lib\libm-elf.a(divmoddi3.eo)
 __c30_signature
                  0x000895          0x6 c:/program files (x86)/microchip/xc16/v1.26/bin/bin/../../lib\libm-elf.a(muldi3.eo)
 __c30_signature
                  0x00089b          0x6 c:/program files (x86)/microchip/xc16/v1.26/bin/bin/../../lib\libm-elf.a(umuldi3.eo)

.nbss               0x0800        0x1de
 .nbss              0x0800         0xe0 build/default/production/_ext/1109514802/P2P.o
                    0x0800                  _currentChannel
                    0x0801                  _ConnMode
                    0x0802                  _MACRxPacket
                    0x0810                  _TxBuffer
                    0x0874                  _TxData
                    0x0875                  _P2PStatus
                    0x0876                  _myPANID
                    0x0878                  _ConnectionTable
                    0x08d2                  _rxMessage
                    0x08de                  _P2PCapacityInfo
                    0x08df                  _LatestConnection
 .nbss              0x08e0         0x94 build/default/production/_ext/1061806389/MRF24J40.o
                    0x08e0                  _failureCounter
                    0x08e2                  _MACInitParams
                    0x08e6                  _RxBuffer
                    0x0963                  _IEEESeqNum
                    0x0964                  _MACCurrentChannel
                    0x0966                  _MAC_PANID
                    0x0968                  _myNetworkAddress
                    0x096a                  _t1
                    0x096e                  _t2
                    0x0972                  _MRF24J40Status
 .nbss              0x0974         0x60 build/default/production/_ext/1472/AccessPoint.o
 .nbss              0x09d4          0xa build/default/production/_ext/1472/HardwareProfile.o
                    0x09d4                  _PUSH_BUTTON_1_pressed
                    0x09d6                  _PUSH_BUTTON_2_pressed
                    0x09d8                  _PUSH_BUTTON_pressed
                    0x09da                  _PUSH_BUTTON_press_time

.ndata              0x09de          0x8
 .ndata             0x09de          0x8 build/default/production/_ext/1109514802/P2P.o
                    0x09de                  _myLongAddress

.nbss               0x09e6          0x2
 .nbss              0x09e6          0x2 build/default/production/_ext/1466186449/SymbolTime.o
                    0x09e6                  _timerExtension1
                    0x09e7                  _timerExtension2

.data               0x09e8         0xf0
 .data              0x09e8         0xca c:/program files (x86)/microchip/xc16/v1.26/bin/bin/../../lib\libc-elf.a(doprnt_cdnopuxX.XXeo)
 .data              0x0ab2         0x26 c:/program files (x86)/microchip/xc16/v1.26/bin/bin/../../lib\libc-elf.a(_iob.eo)
                    0x0ab2                  __iob
                    0x0ad6                  __Files

.bss                0x0ad8          0x6
 .bss               0x0ad8          0x6 c:/program files (x86)/microchip/xc16/v1.26/bin/bin/../../lib\libc-elf.a(_iob.eo)
                    0x0ad8                  __outdone
                    0x0ad9                  __sibuf
                    0x0adb                  __sobuf

.data               0x0ade          0x2
 .data              0x0ade          0x2 c:/program files (x86)/microchip/xc16/v1.26/bin/bin/../../lib\libpic30-elf.a(c30_uart.eo)
                    0x0ade                  ___C30_UART

.ivt._CNInterrupt
                  0x00003a          0x2
 .ivt._CNInterrupt
                  0x00003a          0x2 build/default/production/_ext/1472/HardwareProfile.o

.ivt._INT1Interrupt
                  0x00003c          0x2
 .ivt._INT1Interrupt
                  0x00003c          0x2 build/default/production/_ext/1061806389/MRF24J40.o

.const              0x8dc8        0x154 load address 0x000dc8  
 .const             0x8dc8         0xf8 build/default/production/_ext/1472/AccessPoint.o
 .const             0x8ec0         0x4c build/default/production/_ext/1109514802/P2P.o
 .const             0x8f0c         0x10 build/default/production/_ext/1860783399/Console.o
                    0x8f0c                  _CharacterArray

.text             0x000f1c        0xea0
 .text            0x000f1c        0x72e build/default/production/_ext/1061806389/MRF24J40.o
                  0x000f1c                  _PHYSetLongRAMAddr
                  0x000f5c                  _PHYSetShortRAMAddr
                  0x000f8e                  _PHYGetShortRAMAddr
                  0x000fb8                  _PHYGetLongRAMAddr
                  0x000ff2                  _MiMAC_DiscardPacket
                  0x000ff6                  _MiMAC_ReceivedPacket
                  0x001208                  _MiMAC_SetChannel
                  0x001230                  _InitMRF24J40
                  0x001302                  _MiMAC_SetPower
                  0x001346                  _MiMAC_SetAltAddress
                  0x00137e                  _MiMAC_SendPacket
                  0x001584                  _MiMAC_Init
                  0x001598                  __INT1Interrupt
 .text            0x00164a        0x596 build/default/production/_ext/1109514802/P2P.o
                  0x00164a                  _MacroNop
                  0x00164e                  _SendPacket
                  0x0016b2                  _MiApp_BroadcastPacket
                  0x0016be                  _MiApp_UnicastAddress
                  0x0016cc                  _MiApp_UnicastConnection
                  0x0016ec                  _isSameAddress
                  0x00170a                  _MiApp_StartConnection
                  0x001716                  _MiApp_DiscardMessage
                  0x00171c                  _MiApp_SetChannel
                  0x00173a                  _MiApp_ProtocolInit
                  0x001798                  _DumpConnection
                  0x001840                  _AddConnection
                  0x0018c2                  _P2PTasks
                  0x001a9e                  _MiApp_MessageAvailable
                  0x001aa8                  _MiApp_EstablishConnection
                  0x001b46                  _MiApp_RemoveConnection
                  0x001bca                  _MiApp_ConnectionMode
 .text            0x001be0        0x1dc build/default/production/_ext/1472/AccessPoint.o
                  0x001d22                  _main

.dinit            0x001dbc         0xe8
 .dinit           0x001dbc         0xe8 data_init

.text             0x001ea4        0x1d0
 .text            0x001ea4         0xa6 build/default/production/_ext/1472/HardwareProfile.o
                  0x001ea4                  _BoardInit
                  0x001ed2                  _LCDTRXCount
                  0x001ed4                  _LCDDisplay
                  0x001ed6                  _ButtonPressed
                  0x001f38                  __CNInterrupt
 .text            0x001f4a         0x82 build/default/production/_ext/1860783399/TimeDelay.o
                  0x001f4a                  _Delay10us
                  0x001f94                  _DelayMs
 .text            0x001fcc         0x7c build/default/production/_ext/1860783399/Console.o
                  0x001fcc                  _ConsoleInit
                  0x001fde                  _ConsolePut
                  0x001fec                  _ConsolePutROMString
                  0x002004                  _ConsoleGet
                  0x002012                  _PrintChar
                  0x00202a                  _PrintDec
 .text            0x002048         0x1a build/default/production/_ext/1860783399/MSPI.o
                  0x002048                  _SPIPut
                  0x00205a                  _SPIGet
 .text            0x002062         0x12 build/default/production/_ext/1466186449/SymbolTime.o
                  0x002062                  _InitSymbolTimer
                  0x00206a                  _TickGet

.shared.dinit     0x002074          0x2
 .shared.dinit    0x002074          0x2 shared_data_init
